// Jest Snapshot v1, https://goo.gl/fbAQLP

exports[`Badge renders OK 1`] = `
<div
  label=""
  value={999999}
/>
`;

exports[`BeatMapLink renders OK 1`] = `
<a
  beatMap={
    Object {
      "beatmap_id": 1,
      "mode": 0,
      "title": "foo",
      "version": "bar",
    }
  }
/>
`;

exports[`FlagIcon renders OK 1`] = `
<i
  country="JP"
/>
`;

exports[`ModeSelect renders OK 1`] = `
<select
  onChange={null}
/>
`;

exports[`Statistic renders OK 1`] = `
<div
  label=""
  value={999999}
/>
`;
